[12:00:00.000] version 0.18.0-rc.4-31-g0a1b2c3d (build 68C0A1F2) -- synthetic fixture for edvr_log.py --camera-census
[12:00:00.037] vr camera census: on (advanced.vr_camera_census); the census itself never writes a camera (the route's injection, when it runs, is its own); owner thread 4321; 5 s lines: 36 windows, then one per 12; cameras first 64, call sequences first 3 and eye draws first 4 on-foot frames (tone drawn, journal read=yes says on foot; while the route jitters, only a non-zero phase); line budget 724
[12:00:00.074] vr world route 5s: key=auto state=observing layer=live gate=no frames=448 gate-frames=448 gate-flips=0 hdr-frames=0 trigger=0 none=0 ambiguous=0 treated=0 declined=0 owned-frames=0 eye-takes=0 door-layer-only=0 enters=0 releases=0 (last=none) scene-resets=0 late-hdr-writes=0 (in 0 frames) last=none jitter=idle phase=0.0000,0.0000 rows=0.0000,0.0000 fp-mode=0/0/0 steady-detail=off curve=off curve-reissues=0 last-trigger=VS=0000000000000000 PS=0000000000000000 target=0x0 hdr=0x0 selection=none
[12:00:00.111] vr world route inject 5s: inj-scene=0 inj-fp=0 inj-refused=0 warming=0 aux=0 after=0 unsupported=0 other-kind=0 unreadable=0 off-thread=0 write-fail=0 inj-kinds=none pair-checked=0 pair-bad=0 inj-unnamed=0 inj-shut=0 fov=-
[12:00:00.148] vr world route refusal 5s: census=on every=4 treated=0 asked=0 sampled=0 read=0 dropped=0 size=0x0 pixels=0 refused=0 refused-pct=0.000 stale-refused=0 masked=0 corrupt=0 sentinel=0 unreprojectable=0 camera=0 range=0 depth=0 weapon=0 other=0 stale-kept=0 depth-check=0/0 steady-detail=off view=off skinned-joined=0
[12:00:00.185] vr camera census 5s: frames=448 calls=41788 posts=41788 off-thread=0 stale=0 inj-calls=0 kinds=1:896,3:38204,5:2688 callers=+0x594E13:13895,+0x594EAB:13895,+0x594FE1:13895,+0x58DE73:103 cameras-seen=3 cameras-total=3 tone=32000/9788/0 tone-frames=448 on-foot-frames=0 foot=no eye-draws=896/0 progress=yes hook=installed windows=1 cam-overflow=0 thread-overflow=0
[12:00:00.222] vr camera census: episodes windows=1 taken=1/10 triggers=1 skipped=0 state=idle
[12:00:00.259] vr camera census: runs windows=1 frames=0 named=1:0,2:0,3:0,4-8:0,9-30:0,31-89:0,90+:0 unnamed=1:0,2:0,3:0,4-8:0,9-30:0,31-89:0,90+:0 longest=named:0,unnamed:0 open=-
[12:00:00.296] vr camera census: detour windows=1 every=16 timed=observer-halves frames=448 calls=41788 sampled=2613 est-ms-frame=0.533 obs-calls=41788 obs-sampled=2613 obs-pre-us=3.32/52 obs-post-us=2.4/2.6 inj-calls=0 inj-sampled=0 inj-pre-us=- inj-post-us=-
[12:00:00.333] vr camera census: camera=0x241dc2e2960 kind=5 caller=+0x594E13 thread=owner aspect=0.95 near=0.025 far=50000 fov=1.570796 bound=(0,0) offcentre=(0.2631579,-0.1) viewport=(0,0) tan=- view=0x241dd00e000 vctx=0x241dce749f40 first-call=19 draw=- tone=none frame=1
[12:00:00.370] vr camera census: camera=0x241de000100 kind=1 caller=+0x58DE73 thread=owner aspect=1 near=0.1 far=50000 fov=0 bound=(0,0) offcentre=(0,0) viewport=(5040,2835) tan=- view=0x241dd00c000 vctx=0x241dd00c100 first-call=2 draw=0 tone=before frame=1
[12:00:00.407] vr camera census: camera=0x241de100200 kind=5 caller=+0x594FE1 thread=owner aspect=1 near=0.025 far=50000 fov=1.5708 bound=(0,0) offcentre=(0,0) viewport=(0,0) tan=- view=0x241dd00c800 vctx=0x241dce749f40 first-call=97 draw=8209 tone=after frame=4
[12:00:00.444] vr camera census: camera=0x241df6d0bb0 kind=5 caller=+0x594E13 thread=owner aspect=0.95 near=0.025 far=50000 fov=1.570796 bound=(0,0) offcentre=(0.2631579,-0.1) viewport=(0,0) tan=- view=0x241dd00e000 vctx=0x241dce749f40 first-call=103 draw=8210 tone=after frame=4
[12:00:00.481] vr camera census: camera=0x241df6d0ff0 kind=5 caller=+0x594E13 thread=owner aspect=0.95 near=0.025 far=50000 fov=1.570796 bound=(0,0) offcentre=(-0.2631579,-0.1) viewport=(0,0) tan=- view=0x241dd00f000 vctx=0x241dce749f40 first-call=106 draw=8211 tone=after frame=4
[12:00:00.518] vr camera census: changed: camera=0x241dc2e2960 frame=4 n=9 kind=5->3 aspect=0.95->1.777778 fov=1.570796->1.0122 bound=(0,0)->(5e-05,4.444444e-05) viewport=(0,0)->(5040,2835)
[12:00:00.555] vr camera census: sequence frame=4 index=1/3 foot=yes phase=0.2520,-0.1260 calls=24 recorded=24 truncated=0
[12:00:00.592] vr camera census: call frame=4 n=1 camera=0x241dc2e2960 kind=3 caller=+0x594E13 draw=350 tone=before inj=1 role=scene fl=0x1C>0x0 view=0x241dd00a000 rows=[0.9533901,-0.07403211,0,0.3404319,1.19704e-05,1.791277,0,0.1197122,-0.3479089,-0.2028119,0,0.9326174,0,0,0.025,0]
[12:00:00.629] vr camera census: call frame=4 n=2 camera=0x241dc2e2960 kind=3 caller=+0x594EAB draw=677 tone=before inj=1 role=scene fl=0x1C>0x0 view=0x241dd00a800 rows=[0.9533901,-0.07403211,0,0.3404319,1.19704e-05,1.791277,0,0.1197122,-0.3479089,-0.2028119,0,0.9326174,0,0,0.025,0]
[12:00:00.666] vr camera census: call frame=4 n=3 camera=0x241dc2e2960 kind=3 caller=+0x594FE1 draw=1021 tone=before inj=1 role=scene fl=0x1C>0x0 view=0x241dd00b000 rows=[0.9533901,-0.07403211,0,0.3404319,1.19704e-05,1.791277,0,0.1197122,-0.3479089,-0.2028119,0,0.9326174,0,0,0.025,0]
[12:00:00.703] vr camera census: call frame=4 n=4 camera=0x241dc2e2960 kind=3 caller=+0x594E13 draw=1382 tone=before inj=1 role=scene fl=0x1C>0x0 view=0x241dd00a000 rows=[0.9533901,-0.07403211,0,0.3404319,1.19704e-05,1.791277,0,0.1197122,-0.3479089,-0.2028119,0,0.9326174,0,0,0.025,0]
[12:00:00.740] vr camera census: call frame=4 n=5 camera=0x241dc2e2960 kind=3 caller=+0x594EAB draw=1760 tone=before inj=1 role=scene fl=0x1C>0x0 view=0x241dd00a800 rows=[0.9533901,-0.07403211,0,0.3404319,1.19704e-05,1.791277,0,0.1197122,-0.3479089,-0.2028119,0,0.9326174,0,0,0.025,0]
[12:00:00.777] vr camera census: call frame=4 n=6 camera=0x241dc2e2960 kind=3 caller=+0x594FE1 draw=2155 tone=before inj=1 role=scene fl=0x1C>0x0 view=0x241dd00b000 rows=[0.9533901,-0.07403211,0,0.3404319,1.19704e-05,1.791277,0,0.1197122,-0.3479089,-0.2028119,0,0.9326174,0,0,0.025,0]
[12:00:00.814] vr camera census: call frame=4 n=7 camera=0x241dc2e2960 kind=3 caller=+0x594E13 draw=2567 tone=before inj=1 role=scene fl=0x1C>0x0 view=0x241dd00a000 rows=[0.9533901,-0.07403211,0,0.3404319,1.19704e-05,1.791277,0,0.1197122,-0.3479089,-0.2028119,0,0.9326174,0,0,0.025,0]
[12:00:00.851] vr camera census: call frame=4 n=8 camera=0x241dc2e2960 kind=3 caller=+0x594EAB draw=2996 tone=before inj=1 role=scene fl=0x1C>0x0 view=0x241dd00a800 rows=[0.9533901,-0.07403211,0,0.3404319,1.19704e-05,1.791277,0,0.1197122,-0.3479089,-0.2028119,0,0.9326174,0,0,0.025,0]
[12:00:00.888] vr camera census: call frame=4 n=9 camera=0x241dc2e2960 kind=3 caller=+0x594FE1 draw=3442 tone=before inj=1 role=scene fl=0x1C>0x0 view=0x241dd00b000 rows=[0.9533901,-0.07403211,0,0.3404319,1.19704e-05,1.791277,0,0.1197122,-0.3479089,-0.2028119,0,0.9326174,0,0,0.025,0]
[12:00:00.925] vr camera census: call frame=4 n=10 camera=0x241dc2e2960 kind=3 caller=+0x594E13 draw=3905 tone=before inj=1 role=scene fl=0x1C>0x0 view=0x241dd00a000 rows=[0.9533901,-0.07403211,0,0.3404319,1.19704e-05,1.791277,0,0.1197122,-0.3479089,-0.2028119,0,0.9326174,0,0,0.025,0]
[12:00:00.962] vr camera census: call frame=4 n=11 camera=0x241dc2e2960 kind=3 caller=+0x594EAB draw=4385 tone=before inj=1 role=scene fl=0x1C>0x0 view=0x241dd00a800 rows=[0.9533901,-0.07403211,0,0.3404319,1.19704e-05,1.791277,0,0.1197122,-0.3479089,-0.2028119,0,0.9326174,0,0,0.025,0]
[12:00:00.999] vr camera census: call frame=4 n=12 camera=0x241dc2e2960 kind=3 caller=+0x594FE1 draw=4882 tone=before inj=1 role=scene fl=0x1C>0x0 view=0x241dd00b000 rows=[0.9533901,-0.07403211,0,0.3404319,1.19704e-05,1.791277,0,0.1197122,-0.3479089,-0.2028119,0,0.9326174,0,0,0.025,0]
[12:00:01.036] vr camera census: call frame=4 n=13 camera=0x241dc2e2960 kind=3 caller=+0x594E13 draw=4937 tone=before inj=1 role=fp fl=0x1C>0x0 view=0x241dd00b000 rows=[1.17489,-0.09123959,0,0.3404319,1.196724e-05,2.207455,0,0.1197122,-0.4287627,-0.249952,0,0.9326174,0,0,0.0675,0]
[12:00:01.073] vr camera census: call frame=4 n=14 camera=0x241dc2e2960 kind=3 caller=+0x594E13 draw=4992 tone=before inj=1 role=fp fl=0x1C>0x0 view=0x241dd00b000 rows=[1.17489,-0.09123959,0,0.3404319,1.196724e-05,2.207455,0,0.1197122,-0.4287627,-0.249952,0,0.9326174,0,0,0.0675,0]
[12:00:01.110] vr camera census: call frame=4 n=15 camera=0x241dc2e2960 kind=3 caller=+0x594E13 draw=5047 tone=before inj=1 role=fp fl=0x1C>0x0 view=0x241dd00b000 rows=[1.17489,-0.09123959,0,0.3404319,1.196724e-05,2.207455,0,0.1197122,-0.4287627,-0.249952,0,0.9326174,0,0,0.0675,0]
[12:00:01.147] vr camera census: call frame=4 n=16 camera=0x241de000100 kind=1 caller=+0x58DE73 draw=5056 tone=before inj=0 role=- fl=0x1C>0x4 view=0x241dd00c000 rows=-
[12:00:01.184] vr camera census: call frame=4 n=17 camera=0x241de000100 kind=1 caller=+0x58DE73 draw=5056 tone=before inj=0 role=- fl=0x1C>0x4 view=0x241dd00c000 rows=-
[12:00:01.221] vr camera census: call frame=4 n=18 camera=0x241de100200 kind=5 caller=+0x594FE1 draw=8209 tone=after inj=0 role=- fl=0x1C>0x0 view=0x241dd00c800 rows=[0.9999964,0,0,0,0,0.9928051,0,0.1197122,-0,-0.1197118,0,0.9928086,0,0,0.025,0]
[12:00:01.258] vr camera census: call frame=4 n=19 camera=0x241df6d0bb0 kind=5 caller=+0x594E13 draw=8210 tone=after inj=0 role=- fl=0x1C>0x0 view=0x241dd00e000 rows=[1.052631,0,0,0,0.03150321,0.9808374,0,0.1197122,0.2612654,-0.2189931,0,0.9928086,0,0,0.025,0]
[12:00:01.295] vr camera census: call frame=4 n=20 camera=0x241df6d0bb0 kind=5 caller=+0x594EAB draw=8211 tone=after inj=0 role=- fl=0x1C>0x0 view=0x241dd00e000 rows=[1.052631,0,0,0,0.03150321,0.9808374,0,0.1197122,0.2612654,-0.2189931,0,0.9928086,0,0,0.025,0]
[12:00:01.332] vr camera census: call frame=4 n=21 camera=0x241df6d0bb0 kind=5 caller=+0x594FE1 draw=8212 tone=after inj=0 role=- fl=0x1C>0x0 view=0x241dd00e000 rows=[1.052631,0,0,0,0.03150321,0.9808374,0,0.1197122,0.2612654,-0.2189931,0,0.9928086,0,0,0.025,0]
[12:00:01.369] vr camera census: call frame=4 n=22 camera=0x241df6d0ff0 kind=5 caller=+0x594E13 draw=8213 tone=after inj=0 role=- fl=0x1C>0x0 view=0x241dd00f000 rows=[1.052631,0,0,0,-0.03150321,0.9808374,0,0.1197122,-0.2612654,-0.2189931,0,0.9928086,0,0,0.025,0]
[12:00:01.406] vr camera census: call frame=4 n=23 camera=0x241df6d0ff0 kind=5 caller=+0x594EAB draw=8214 tone=after inj=0 role=- fl=0x1C>0x0 view=0x241dd00f000 rows=[1.052631,0,0,0,-0.03150321,0.9808374,0,0.1197122,-0.2612654,-0.2189931,0,0.9928086,0,0,0.025,0]
[12:00:01.443] vr camera census: call frame=4 n=24 camera=0x241df6d0ff0 kind=5 caller=+0x594FE1 draw=8215 tone=after inj=0 role=- fl=0x1C>0x0 view=0x241dd00f000 rows=[1.052631,0,0,0,-0.03150321,0.9808374,0,0.1197122,-0.2612654,-0.2189931,0,0.9928086,0,0,0.025,0]
[12:00:01.480] vr camera census: eye=0 frame=4 foot=yes phase=0.2520,-0.1260 draw=8213 b1=0x1eb2e751e20 first=0 bytes=5376 rows=[1.052631,0,0,0,0.03150321,0.9808374,0,0.1197122,0.2612654,-0.2189931,0,0.9928086,0,0,0.025,0] meas=(0.2631579,-0.1)
[12:00:01.517] vr camera census: eye-geometry eye=0 frame=4 seq=4704 frustum=[-1.2,0.7,-0.9,1.1] shift=(0,0) expect=(0.2631579,-0.1) expect-shifted=(0.2631579,-0.1) leak=(-3.107e-08,-7.530e-09)
[12:00:01.554] vr camera census: eye=1 frame=4 foot=yes phase=0.2520,-0.1260 draw=8220 b1=0x1eb2e751e20 first=0 bytes=5376 rows=[1.052631,0,0,0,-0.03150321,0.9808374,0,0.1197122,-0.2612654,-0.2189931,0,0.9928086,0,0,0.025,0] meas=(-0.2631579,-0.1)
[12:00:01.591] vr camera census: eye-geometry eye=1 frame=4 seq=4704 frustum=[-0.7,1.2,-0.9,1.1] shift=(0,0) expect=(-0.2631579,-0.1) expect-shifted=(-0.2631579,-0.1) leak=(3.107e-08,-7.530e-09)
[12:00:01.628] vr camera census: changed: camera=0x241dc2e2960 frame=5 n=18 bound=(5e-05,4.444444e-05)->(-3.75e-05,-2.222222e-05)
[12:00:01.665] vr camera census: changed: camera=0x241de100200 frame=5 n=1 kind=5->3 near=0.025->0.1 viewport=(0,0)->(2048,2048)
[12:00:01.702] vr camera census: sequence frame=5 index=2/3 foot=yes phase=-0.1890,0.0630 calls=24 recorded=24 truncated=0
[12:00:01.739] vr camera census: call frame=5 n=1 camera=0x241dc2e2960 kind=3 caller=+0x594E13 draw=350 tone=before inj=1 role=scene fl=0x1C>0x0 view=0x241dd00a000 rows=[0.9519305,-0.07488866,0,0.3441596,-8.979608e-06,1.791261,0,0.1197122,-0.3518826,-0.2026383,0,0.9312481,0,0,0.025,0]
[12:00:01.776] vr camera census: call frame=5 n=2 camera=0x241dc2e2960 kind=3 caller=+0x594EAB draw=677 tone=before inj=1 role=scene fl=0x1C>0x0 view=0x241dd00a800 rows=[0.9519305,-0.07488866,0,0.3441596,-8.979608e-06,1.791261,0,0.1197122,-0.3518826,-0.2026383,0,0.9312481,0,0,0.025,0]
[12:00:01.813] vr camera census: call frame=5 n=3 camera=0x241dc2e2960 kind=3 caller=+0x594FE1 draw=1021 tone=before inj=1 role=scene fl=0x1C>0x0 view=0x241dd00b000 rows=[0.9519305,-0.07488866,0,0.3441596,-8.979608e-06,1.791261,0,0.1197122,-0.3518826,-0.2026383,0,0.9312481,0,0,0.025,0]
[12:00:01.850] vr camera census: call frame=5 n=4 camera=0x241dc2e2960 kind=3 caller=+0x594E13 draw=1382 tone=before inj=1 role=scene fl=0x1C>0x0 view=0x241dd00a000 rows=[0.9519305,-0.07488866,0,0.3441596,-8.979608e-06,1.791261,0,0.1197122,-0.3518826,-0.2026383,0,0.9312481,0,0,0.025,0]
[12:00:01.887] vr camera census: call frame=5 n=5 camera=0x241dc2e2960 kind=3 caller=+0x594EAB draw=1760 tone=before inj=1 role=scene fl=0x1C>0x0 view=0x241dd00a800 rows=[0.9519305,-0.07488866,0,0.3441596,-8.979608e-06,1.791261,0,0.1197122,-0.3518826,-0.2026383,0,0.9312481,0,0,0.025,0]
[12:00:01.924] vr camera census: call frame=5 n=6 camera=0x241dc2e2960 kind=3 caller=+0x594FE1 draw=2155 tone=before inj=1 role=scene fl=0x1C>0x0 view=0x241dd00b000 rows=[0.9519305,-0.07488866,0,0.3441596,-8.979608e-06,1.791261,0,0.1197122,-0.3518826,-0.2026383,0,0.9312481,0,0,0.025,0]
[12:00:01.961] vr camera census: call frame=5 n=7 camera=0x241dc2e2960 kind=3 caller=+0x594E13 draw=2567 tone=before inj=1 role=scene fl=0x1C>0x0 view=0x241dd00a000 rows=[0.9519305,-0.07488866,0,0.3441596,-8.979608e-06,1.791261,0,0.1197122,-0.3518826,-0.2026383,0,0.9312481,0,0,0.025,0]
[12:00:01.998] vr camera census: call frame=5 n=8 camera=0x241dc2e2960 kind=3 caller=+0x594EAB draw=2996 tone=before inj=1 role=scene fl=0x1C>0x0 view=0x241dd00a800 rows=[0.9519305,-0.07488866,0,0.3441596,-8.979608e-06,1.791261,0,0.1197122,-0.3518826,-0.2026383,0,0.9312481,0,0,0.025,0]
[12:00:02.035] vr camera census: call frame=5 n=9 camera=0x241dc2e2960 kind=3 caller=+0x594FE1 draw=3442 tone=before inj=1 role=scene fl=0x1C>0x0 view=0x241dd00b000 rows=[0.9519305,-0.07488866,0,0.3441596,-8.979608e-06,1.791261,0,0.1197122,-0.3518826,-0.2026383,0,0.9312481,0,0,0.025,0]
[12:00:02.072] vr camera census: call frame=5 n=10 camera=0x241dc2e2960 kind=3 caller=+0x594E13 draw=3905 tone=before inj=1 role=scene fl=0x1C>0x0 view=0x241dd00a000 rows=[0.9519305,-0.07488866,0,0.3441596,-8.979608e-06,1.791261,0,0.1197122,-0.3518826,-0.2026383,0,0.9312481,0,0,0.025,0]
[12:00:02.109] vr camera census: call frame=5 n=11 camera=0x241dc2e2960 kind=3 caller=+0x594EAB draw=4385 tone=before inj=1 role=scene fl=0x1C>0x0 view=0x241dd00a800 rows=[0.9519305,-0.07488866,0,0.3441596,-8.979608e-06,1.791261,0,0.1197122,-0.3518826,-0.2026383,0,0.9312481,0,0,0.025,0]
[12:00:02.146] vr camera census: call frame=5 n=12 camera=0x241dc2e2960 kind=3 caller=+0x594FE1 draw=4882 tone=before inj=1 role=scene fl=0x1C>0x0 view=0x241dd00b000 rows=[0.9519305,-0.07488866,0,0.3441596,-8.979608e-06,1.791261,0,0.1197122,-0.3518826,-0.2026383,0,0.9312481,0,0,0.025,0]
[12:00:02.183] vr camera census: call frame=5 n=13 camera=0x241dc2e2960 kind=3 caller=+0x594E13 draw=4937 tone=before inj=1 role=fp fl=0x1C>0x0 view=0x241dd00b000 rows=[1.173105,-0.09228455,0,0.3441596,-8.977661e-06,2.207439,0,0.1197122,-0.4336217,-0.2497092,0,0.9312481,0,0,0.0675,0]
[12:00:02.220] vr camera census: call frame=5 n=14 camera=0x241dc2e2960 kind=3 caller=+0x594E13 draw=4992 tone=before inj=1 role=fp fl=0x1C>0x0 view=0x241dd00b000 rows=[1.173105,-0.09228455,0,0.3441596,-8.977661e-06,2.207439,0,0.1197122,-0.4336217,-0.2497092,0,0.9312481,0,0,0.0675,0]
[12:00:02.257] vr camera census: call frame=5 n=15 camera=0x241dc2e2960 kind=3 caller=+0x594E13 draw=5047 tone=before inj=1 role=fp fl=0x1C>0x0 view=0x241dd00b000 rows=[1.173105,-0.09228455,0,0.3441596,-8.977661e-06,2.207439,0,0.1197122,-0.4336217,-0.2497092,0,0.9312481,0,0,0.0675,0]
[12:00:02.294] vr camera census: call frame=5 n=16 camera=0x241de000100 kind=1 caller=+0x58DE73 draw=5056 tone=before inj=0 role=- fl=0x1C>0x4 view=0x241dd00c000 rows=-
[12:00:02.331] vr camera census: call frame=5 n=17 camera=0x241de000100 kind=1 caller=+0x58DE73 draw=5056 tone=before inj=0 role=- fl=0x1C>0x4 view=0x241dd00c000 rows=-
[12:00:02.368] vr camera census: call frame=5 n=18 camera=0x241de100200 kind=3 caller=+0x58DE73 draw=5059 tone=before inj=0 role=aux fl=0x1C>0x0 view=0x241dd00c800 rows=[0.9379902,-0.04149839,0,0.3441596,0,0.9928051,0,0.1197122,-0.3466513,-0.1122889,0,0.9312481,0,0,0.1,0]
[12:00:02.405] vr camera census: call frame=5 n=19 camera=0x241df6d0bb0 kind=5 caller=+0x594E13 draw=8210 tone=after inj=0 role=- fl=0x1C>0x0 view=0x241dd00e000 rows=[1.057646,-0.00437957,0,0.01985485,0.03150321,0.9808374,0,0.1197122,0.240162,-0.2189493,0,0.9926101,0,0,0.025,0]
[12:00:02.442] vr camera census: call frame=5 n=20 camera=0x241df6d0bb0 kind=5 caller=+0x594EAB draw=8211 tone=after inj=0 role=- fl=0x1C>0x0 view=0x241dd00e000 rows=[1.057646,-0.00437957,0,0.01985485,0.03150321,0.9808374,0,0.1197122,0.240162,-0.2189493,0,0.9926101,0,0,0.025,0]
[12:00:02.479] vr camera census: call frame=5 n=21 camera=0x241df6d0bb0 kind=5 caller=+0x594FE1 draw=8212 tone=after inj=0 role=- fl=0x1C>0x0 view=0x241dd00e000 rows=[1.057646,-0.00437957,0,0.01985485,0.03150321,0.9808374,0,0.1197122,0.240162,-0.2189493,0,0.9926101,0,0,0.025,0]
[12:00:02.516] vr camera census: call frame=5 n=22 camera=0x241df6d0ff0 kind=5 caller=+0x594E13 draw=8213 tone=after inj=0 role=- fl=0x1C>0x0 view=0x241dd00f000 rows=[1.047196,-0.00437957,0,0.01985485,-0.03150321,0.9808374,0,0.1197122,-0.2822644,-0.2189493,0,0.9926101,0,0,0.025,0]
[12:00:02.553] vr camera census: call frame=5 n=23 camera=0x241df6d0ff0 kind=5 caller=+0x594EAB draw=8214 tone=after inj=0 role=- fl=0x1C>0x0 view=0x241dd00f000 rows=[1.047196,-0.00437957,0,0.01985485,-0.03150321,0.9808374,0,0.1197122,-0.2822644,-0.2189493,0,0.9926101,0,0,0.025,0]
[12:00:02.590] vr camera census: call frame=5 n=24 camera=0x241df6d0ff0 kind=5 caller=+0x594FE1 draw=8215 tone=after inj=0 role=- fl=0x1C>0x0 view=0x241dd00f000 rows=[1.047196,-0.00437957,0,0.01985485,-0.03150321,0.9808374,0,0.1197122,-0.2822644,-0.2189493,0,0.9926101,0,0,0.025,0]
[12:00:02.627] vr camera census: eye=0 frame=5 foot=yes phase=-0.1890,0.0630 draw=8213 b1=0x1eb2e751e20 first=0 bytes=5376 rows=[1.057646,-0.00437957,0,0.01985485,0.03150321,0.9808374,0,0.1197122,0.240162,-0.2189493,0,0.9926101,0,0,0.025,0] meas=(0.2631579,-0.1)
[12:00:02.664] vr camera census: eye-geometry eye=0 frame=5 seq=4705 frustum=[-1.2,0.7,-0.9,1.1] shift=(0,0) expect=(0.2631579,-0.1) expect-shifted=(0.2631579,-0.1) leak=(-2.851e-08,4.396e-09)
[12:00:02.701] vr camera census: eye=1 frame=5 foot=yes phase=-0.1890,0.0630 draw=8220 b1=0x1eb2e751e20 first=0 bytes=5376 rows=[1.047196,-0.00437957,0,0.01985485,-0.03150321,0.9808374,0,0.1197122,-0.2822644,-0.2189493,0,0.9926101,0,0,0.025,0] meas=(-0.2631579,-0.1)
[12:00:02.738] vr camera census: eye-geometry eye=1 frame=5 seq=4705 frustum=[-0.7,1.2,-0.9,1.1] shift=(0,0) expect=(-0.2631579,-0.1) expect-shifted=(-0.2631579,-0.1) leak=(2.496e-08,4.396e-09)
[12:00:02.775] vr camera census: changed: camera=0x241dc2e2960 frame=6 n=27 bound=(-3.75e-05,-2.222222e-05)->(2.5e-05,-8.888889e-05)
[12:00:02.812] vr camera census: sequence frame=6 index=3/3 foot=yes phase=0.1260,0.2520 calls=24 recorded=24 truncated=0
[12:00:02.849] vr camera census: call frame=6 n=1 camera=0x241dc2e2960 kind=3 caller=+0x594E13 draw=350 tone=before inj=1 role=scene fl=0x1C>0x0 view=0x241dd00a000 rows=[0.9505589,-0.07574501,0,0.3478819,5.988819e-06,1.791245,0,0.1197122,-0.3555712,-0.2024611,0,0.929864,0,0,0.025,0]
[12:00:02.886] vr camera census: call frame=6 n=2 camera=0x241dc2e2960 kind=3 caller=+0x594EAB draw=677 tone=before inj=1 role=scene fl=0x1C>0x0 view=0x241dd00a800 rows=[0.9505589,-0.07574501,0,0.3478819,5.988819e-06,1.791245,0,0.1197122,-0.3555712,-0.2024611,0,0.929864,0,0,0.025,0]
[12:00:02.923] vr camera census: call frame=6 n=3 camera=0x241dc2e2960 kind=3 caller=+0x594FE1 draw=1021 tone=before inj=1 role=scene fl=0x1C>0x0 view=0x241dd00b000 rows=[0.9505589,-0.07574501,0,0.3478819,5.988819e-06,1.791245,0,0.1197122,-0.3555712,-0.2024611,0,0.929864,0,0,0.025,0]
[12:00:02.960] vr camera census: call frame=6 n=4 camera=0x241dc2e2960 kind=3 caller=+0x594E13 draw=1382 tone=before inj=1 role=scene fl=0x1C>0x0 view=0x241dd00a000 rows=[0.9505589,-0.07574501,0,0.3478819,5.988819e-06,1.791245,0,0.1197122,-0.3555712,-0.2024611,0,0.929864,0,0,0.025,0]
[12:00:02.997] vr camera census: call frame=6 n=5 camera=0x241dc2e2960 kind=3 caller=+0x594EAB draw=1760 tone=before inj=1 role=scene fl=0x1C>0x0 view=0x241dd00a800 rows=[0.9505589,-0.07574501,0,0.3478819,5.988819e-06,1.791245,0,0.1197122,-0.3555712,-0.2024611,0,0.929864,0,0,0.025,0]
[12:00:03.034] vr camera census: call frame=6 n=6 camera=0x241dc2e2960 kind=3 caller=+0x594FE1 draw=2155 tone=before inj=1 role=scene fl=0x1C>0x0 view=0x241dd00b000 rows=[0.9505589,-0.07574501,0,0.3478819,5.988819e-06,1.791245,0,0.1197122,-0.3555712,-0.2024611,0,0.929864,0,0,0.025,0]
[12:00:03.071] vr camera census: call frame=6 n=7 camera=0x241dc2e2960 kind=3 caller=+0x594E13 draw=2567 tone=before inj=1 role=scene fl=0x1C>0x0 view=0x241dd00a000 rows=[0.9505589,-0.07574501,0,0.3478819,5.988819e-06,1.791245,0,0.1197122,-0.3555712,-0.2024611,0,0.929864,0,0,0.025,0]
[12:00:03.108] vr camera census: call frame=6 n=8 camera=0x241dc2e2960 kind=3 caller=+0x594EAB draw=2996 tone=before inj=1 role=scene fl=0x1C>0x0 view=0x241dd00a800 rows=[0.9505589,-0.07574501,0,0.3478819,5.988819e-06,1.791245,0,0.1197122,-0.3555712,-0.2024611,0,0.929864,0,0,0.025,0]
[12:00:03.145] vr camera census: call frame=6 n=9 camera=0x241dc2e2960 kind=3 caller=+0x594FE1 draw=3442 tone=before inj=1 role=scene fl=0x1C>0x0 view=0x241dd00b000 rows=[0.9505589,-0.07574501,0,0.3478819,5.988819e-06,1.791245,0,0.1197122,-0.3555712,-0.2024611,0,0.929864,0,0,0.025,0]
[12:00:03.182] vr camera census: call frame=6 n=10 camera=0x241dc2e2960 kind=3 caller=+0x594E13 draw=3905 tone=before inj=1 role=scene fl=0x1C>0x0 view=0x241dd00a000 rows=[0.9505589,-0.07574501,0,0.3478819,5.988819e-06,1.791245,0,0.1197122,-0.3555712,-0.2024611,0,0.929864,0,0,0.025,0]
[12:00:03.219] vr camera census: call frame=6 n=11 camera=0x241dc2e2960 kind=3 caller=+0x594EAB draw=4385 tone=before inj=1 role=scene fl=0x1C>0x0 view=0x241dd00a800 rows=[0.9505589,-0.07574501,0,0.3478819,5.988819e-06,1.791245,0,0.1197122,-0.3555712,-0.2024611,0,0.929864,0,0,0.025,0]
[12:00:03.256] vr camera census: call frame=6 n=12 camera=0x241dc2e2960 kind=3 caller=+0x594FE1 draw=4882 tone=before inj=1 role=scene fl=0x1C>0x0 view=0x241dd00b000 rows=[0.9505589,-0.07574501,0,0.3478819,5.988819e-06,1.791245,0,0.1197122,-0.3555712,-0.2024611,0,0.929864,0,0,0.025,0]
[12:00:03.293] vr camera census: call frame=6 n=13 camera=0x241dc2e2960 kind=3 caller=+0x594E13 draw=4937 tone=before inj=1 role=fp fl=0x1C>0x0 view=0x241dd00b000 rows=[1.171405,-0.09332903,0,0.3478819,5.988082e-06,2.207423,0,0.1197122,-0.4381944,-0.249462,0,0.929864,0,0,0.0675,0]
[12:00:03.330] vr camera census: call frame=6 n=14 camera=0x241dc2e2960 kind=3 caller=+0x594E13 draw=4992 tone=before inj=1 role=fp fl=0x1C>0x0 view=0x241dd00b000 rows=[1.171405,-0.09332903,0,0.3478819,5.988082e-06,2.207423,0,0.1197122,-0.4381944,-0.249462,0,0.929864,0,0,0.0675,0]
[12:00:03.367] vr camera census: call frame=6 n=15 camera=0x241dc2e2960 kind=3 caller=+0x594E13 draw=5047 tone=before inj=1 role=fp fl=0x1C>0x0 view=0x241dd00b000 rows=[1.171405,-0.09332903,0,0.3478819,5.988082e-06,2.207423,0,0.1197122,-0.4381944,-0.249462,0,0.929864,0,0,0.0675,0]
[12:00:03.404] vr camera census: call frame=6 n=16 camera=0x241de000100 kind=1 caller=+0x58DE73 draw=5056 tone=before inj=0 role=- fl=0x1C>0x4 view=0x241dd00c000 rows=-
[12:00:03.441] vr camera census: call frame=6 n=17 camera=0x241de000100 kind=1 caller=+0x58DE73 draw=5056 tone=before inj=0 role=- fl=0x1C>0x4 view=0x241dd00c000 rows=-
[12:00:03.478] vr camera census: call frame=6 n=18 camera=0x241de100200 kind=3 caller=+0x58DE73 draw=5059 tone=before inj=0 role=aux fl=0x1C>0x0 view=0x241dd00c800 rows=[0.9365962,-0.04194722,0,0.3478819,0,0.9928051,0,0.1197122,-0.3504005,-0.112122,0,0.929864,0,0,0.1,0]
[12:00:03.515] vr camera census: call frame=6 n=19 camera=0x241df6d0bb0 kind=5 caller=+0x594E13 draw=8210 tone=after inj=0 role=- fl=0x1C>0x0 view=0x241dd00e000 rows=[1.062237,-0.008757388,0,0.03970176,0.03150321,0.9808374,0,0.1197122,0.2189624,-0.2188179,0,0.9920145,0,0,0.025,0]
[12:00:03.552] vr camera census: call frame=6 n=20 camera=0x241df6d0bb0 kind=5 caller=+0x594EAB draw=8211 tone=after inj=0 role=- fl=0x1C>0x0 view=0x241dd00e000 rows=[1.062237,-0.008757388,0,0.03970176,0.03150321,0.9808374,0,0.1197122,0.2189624,-0.2188179,0,0.9920145,0,0,0.025,0]
[12:00:03.589] vr camera census: call frame=6 n=21 camera=0x241df6d0bb0 kind=5 caller=+0x594FE1 draw=8212 tone=after inj=0 role=- fl=0x1C>0x0 view=0x241dd00e000 rows=[1.062237,-0.008757388,0,0.03970176,0.03150321,0.9808374,0,0.1197122,0.2189624,-0.2188179,0,0.9920145,0,0,0.025,0]
[12:00:03.626] vr camera census: call frame=6 n=22 camera=0x241df6d0ff0 kind=5 caller=+0x594E13 draw=8213 tone=after inj=0 role=- fl=0x1C>0x0 view=0x241dd00f000 rows=[1.041342,-0.008757388,0,0.03970176,-0.03150321,0.9808374,0,0.1197122,-0.3031505,-0.2188179,0,0.9920145,0,0,0.025,0]
[12:00:03.663] vr camera census: call frame=6 n=23 camera=0x241df6d0ff0 kind=5 caller=+0x594EAB draw=8214 tone=after inj=0 role=- fl=0x1C>0x0 view=0x241dd00f000 rows=[1.041342,-0.008757388,0,0.03970176,-0.03150321,0.9808374,0,0.1197122,-0.3031505,-0.2188179,0,0.9920145,0,0,0.025,0]
[12:00:03.700] vr camera census: call frame=6 n=24 camera=0x241df6d0ff0 kind=5 caller=+0x594FE1 draw=8215 tone=after inj=0 role=- fl=0x1C>0x0 view=0x241dd00f000 rows=[1.041342,-0.008757388,0,0.03970176,-0.03150321,0.9808374,0,0.1197122,-0.3031505,-0.2188179,0,0.9920145,0,0,0.025,0]
[12:00:03.737] vr camera census: eye=0 frame=6 foot=yes phase=0.1260,0.2520 draw=8213 b1=0x1eb2e751e20 first=0 bytes=5376 rows=[1.062237,-0.008757388,0,0.03970176,0.03150321,0.9808374,0,0.1197122,0.2189624,-0.2188179,0,0.9920145,0,0,0.025,0] meas=(0.2631579,-0.1)
[12:00:03.774] vr camera census: eye-geometry eye=0 frame=6 seq=4706 frustum=[-1.2,0.7,-0.9,1.1] shift=(0,0) expect=(0.2631579,-0.1) expect-shifted=(0.2631579,-0.1) leak=(-3.188e-08,-1.235e-09)
[12:00:03.811] vr camera census: eye=1 frame=6 foot=yes phase=0.1260,0.2520 draw=8220 b1=0x1eb2e751e20 first=0 bytes=5376 rows=[1.041342,-0.008757388,0,0.03970176,-0.03150321,0.9808374,0,0.1197122,-0.3031505,-0.2188179,0,0.9920145,0,0,0.025,0] meas=(-0.2631579,-0.1)
[12:00:03.848] vr camera census: eye-geometry eye=1 frame=6 seq=4706 frustum=[-0.7,1.2,-0.9,1.1] shift=(0,0) expect=(-0.2631579,-0.1) expect-shifted=(-0.2631579,-0.1) leak=(3.648e-08,-1.235e-09)
[12:00:03.885] vr camera census: eye=0 frame=7 foot=yes phase=-0.2520,-0.0630 draw=8213 b1=0x1eb2e751e20 first=0 bytes=5376 rows=[1.066404,-0.0131317,0,0.05953278,0.03150321,0.9808374,0,0.1197122,0.1976753,-0.218599,0,0.9910221,0,0,0.025,0] meas=(0.2631579,-0.1)
[12:00:03.922] vr camera census: eye-geometry eye=0 frame=7 seq=4707 frustum=[-1.2,0.7,-0.9,1.1] shift=(0,0) expect=(0.2631579,-0.1) expect-shifted=(0.2631579,-0.1) leak=(-2.707e-08,-5.296e-10)
[12:00:03.959] vr camera census: eye=1 frame=7 foot=yes phase=-0.2520,-0.0630 draw=8220 b1=0x1eb2e751e20 first=0 bytes=5376 rows=[1.035071,-0.0131317,0,0.05953278,-0.03150321,0.9808374,0,0.1197122,-0.3239153,-0.218599,0,0.9910221,0,0,0.025,0] meas=(-0.2631579,-0.1)
[12:00:03.996] vr camera census: eye-geometry eye=1 frame=7 seq=4707 frustum=[-0.7,1.2,-0.9,1.1] shift=(0,0) expect=(-0.2631579,-0.1) expect-shifted=(-0.2631579,-0.1) leak=(2.394e-08,-5.296e-10)
[12:00:04.033] vr camera census: episode frame=31 n=1/10 trigger=key-on armed=1 foot=no gui=0 named=0 phase=- calls=14 recorded=14 printed=14 kinds=1:2,3:6,5:6 callers=+0x594E13:4,+0x594EAB:4,+0x594FE1:4,+0x58DE73:2
[12:00:04.070] vr camera census: call frame=31 n=1 camera=0x241de000100 kind=1 caller=+0x58DE73 draw=0 tone=before inj=0 role=- fl=0x1C>0x0 view=0x241dd00c000 rows=-
[12:00:04.107] vr camera census: call frame=31 n=2 camera=0x241de000100 kind=1 caller=+0x58DE73 draw=0 tone=before inj=0 role=- fl=0x1C>0x0 view=0x241dd00c000 rows=-
[12:00:04.144] vr camera census: call frame=31 n=3 camera=0x241dc2e2960 kind=3 caller=+0x594E13 draw=120 tone=before inj=0 role=- fl=0x1C>0x0 view=0x241dd00a000 rows=[0.953356,-0.07406239,0,0.3404319,0,1.791266,0,0.1197122,-0.3480021,-0.2028948,0,0.9326174,0,0,0.025,0]
[12:00:04.181] vr camera census: call frame=31 n=4 camera=0x241dc2e2960 kind=3 caller=+0x594EAB draw=160 tone=before inj=0 role=- fl=0x1C>0x0 view=0x241dd00a800 rows=[0.953356,-0.07406239,0,0.3404319,0,1.791266,0,0.1197122,-0.3480021,-0.2028948,0,0.9326174,0,0,0.025,0]
[12:00:04.218] vr camera census: call frame=31 n=5 camera=0x241dc2e2960 kind=3 caller=+0x594FE1 draw=200 tone=before inj=0 role=- fl=0x1C>0x0 view=0x241dd00b000 rows=[0.9498284,-0.0760876,0,0.3497409,0,1.791266,0,0.1197122,-0.3575181,-0.2021441,0,0.9291664,0,0,0.025,0]
[12:00:04.255] vr camera census: call frame=31 n=6 camera=0x241dc2e2960 kind=3 caller=+0x594E13 draw=240 tone=before inj=0 role=- fl=0x1C>0x0 view=0x241dd00a000 rows=[0.9498284,-0.0760876,0,0.3497409,0,1.791266,0,0.1197122,-0.3575181,-0.2021441,0,0.9291664,0,0,0.025,0]
[12:00:04.292] vr camera census: call frame=31 n=7 camera=0x241dc2e2960 kind=3 caller=+0x594EAB draw=280 tone=before inj=0 role=- fl=0x1C>0x0 view=0x241dd00a800 rows=[0.9462057,-0.07810521,0,0.3590149,0,1.791266,0,0.1197122,-0.3669984,-0.2013731,0,0.9256226,0,0,0.025,0]
[12:00:04.329] vr camera census: call frame=31 n=8 camera=0x241dc2e2960 kind=3 caller=+0x594FE1 draw=320 tone=before inj=0 role=- fl=0x1C>0x0 view=0x241dd00b000 rows=[0.9462057,-0.07810521,0,0.3590149,0,1.791266,0,0.1197122,-0.3669984,-0.2013731,0,0.9256226,0,0,0.025,0]
[12:00:04.366] vr camera census: call frame=31 n=9 camera=0x241df6d0bb0 kind=5 caller=+0x594E13 draw=8210 tone=after inj=0 role=- fl=0x1C>0x0 view=0x241dd00e000 rows=[1.057646,-0.00437957,0,0.01985485,0.03150321,0.9808374,0,0.1197122,0.240162,-0.2189493,0,0.9926101,0,0,0.025,0]
[12:00:04.403] vr camera census: call frame=31 n=10 camera=0x241df6d0bb0 kind=5 caller=+0x594EAB draw=8211 tone=after inj=0 role=- fl=0x1C>0x0 view=0x241dd00e000 rows=[1.057646,-0.00437957,0,0.01985485,0.03150321,0.9808374,0,0.1197122,0.240162,-0.2189493,0,0.9926101,0,0,0.025,0]
[12:00:04.440] vr camera census: call frame=31 n=11 camera=0x241df6d0bb0 kind=5 caller=+0x594FE1 draw=8212 tone=after inj=0 role=- fl=0x1C>0x0 view=0x241dd00e000 rows=[1.057646,-0.00437957,0,0.01985485,0.03150321,0.9808374,0,0.1197122,0.240162,-0.2189493,0,0.9926101,0,0,0.025,0]
[12:00:04.477] vr camera census: call frame=31 n=12 camera=0x241df6d0ff0 kind=5 caller=+0x594E13 draw=8213 tone=after inj=0 role=- fl=0x1C>0x0 view=0x241dd00f000 rows=[1.046913,-0.004598517,0,0.02084745,-0.03150321,0.9808374,0,0.1197122,-0.2833115,-0.2189448,0,0.9925898,0,0,0.025,0]
[12:00:04.514] vr camera census: call frame=31 n=13 camera=0x241df6d0ff0 kind=5 caller=+0x594EAB draw=8214 tone=after inj=0 role=- fl=0x1C>0x0 view=0x241dd00f000 rows=[1.046913,-0.004598517,0,0.02084745,-0.03150321,0.9808374,0,0.1197122,-0.2833115,-0.2189448,0,0.9925898,0,0,0.025,0]
[12:00:04.551] vr camera census: call frame=31 n=14 camera=0x241df6d0ff0 kind=5 caller=+0x594FE1 draw=8215 tone=after inj=0 role=- fl=0x1C>0x0 view=0x241dd00f000 rows=[1.046913,-0.004598517,0,0.02084745,-0.03150321,0.9808374,0,0.1197122,-0.2833115,-0.2189448,0,0.9925898,0,0,0.025,0]
[12:00:04.588] vr camera census: pass-rows ep=1 frame=31 valid=1 bound=1 rows=[0.9998,0,-0.01999867,0,-0.002394084,0.9928086,-0.1196883,0,0.01985485,0.1197122,0.9926101,0] axes-match=9,10,11 how=identity nearest=9 diff=0.000e+00
[12:00:04.625] vr camera census: join-draws ep=1 seen=3100 relevant=2925 views=4 signatures=3
[12:00:04.662] vr camera census: join ep=1 sig=1 depth=eye eye=0 size=2620x2533 draw=8210 draws=1432 vs=0x5C36AF051B98B9F1 ps=0xCFE84157BC76E921 dw=yes b1=0x1eb2e751e20 first=0 bytes=5376 rows=read match=9,10,11
[12:00:04.699] vr camera census: join-rows ep=1 sig=1 rows=[1.057646,-0.00437957,0,0.01985485,0.03150321,0.9808374,0,0.1197122,0.240162,-0.2189493,0,0.9926101,0,0,0.025,0]
[12:00:04.736] vr camera census: join ep=1 sig=2 depth=eye eye=0 size=2620x2533 draw=8650 draws=61 vs=0x11A2B3C4D5E6F708 ps=0xF0E0D0C0B0A0908 dw=no b1=0x1eb2e751e20 first=0 bytes=5376 rows=- why=skip
[12:00:04.773] vr camera census: join ep=1 sig=3 depth=eye eye=1 size=2620x2533 draw=8215 draws=1432 vs=0x5C36AF051B98B9F1 ps=0xCFE84157BC76E921 dw=yes b1=0x1eb2e751e20 first=0 bytes=5376 rows=read match=12,13,14
[12:00:04.810] vr camera census: join-rows ep=1 sig=3 rows=[1.046913,-0.004598517,0,0.02084745,-0.03150321,0.9808374,0,0.1197122,-0.2833115,-0.2189448,0,0.9925898,0,0,0.025,0]
[12:00:04.847] vr camera census: episode frame=1560 n=2/10 trigger=gui:0>6 armed=1530 foot=no gui=6 named=0 phase=- calls=15 recorded=15 printed=15 kinds=1:4,3:5,5:6 callers=+0x58DE73:4,+0x594E13:4,+0x594EAB:4,+0x594FE1:3
[12:00:04.884] vr camera census: call frame=1560 n=1 camera=0x241de000100 kind=1 caller=+0x58DE73 draw=0 tone=before inj=0 role=- fl=0x1C>0x0 view=0x241dd00c000 rows=-
[12:00:04.921] vr camera census: call frame=1560 n=2 camera=0x241de000100 kind=1 caller=+0x58DE73 draw=0 tone=before inj=0 role=- fl=0x1C>0x0 view=0x241dd00c000 rows=-
[12:00:04.958] vr camera census: call frame=1560 n=3 camera=0x241de000100 kind=1 caller=+0x58DE73 draw=0 tone=before inj=0 role=- fl=0x1C>0x0 view=0x241dd00c000 rows=-
[12:00:04.995] vr camera census: call frame=1560 n=4 camera=0x241de000100 kind=1 caller=+0x58DE73 draw=0 tone=before inj=0 role=- fl=0x1C>0x0 view=0x241dd00c000 rows=-
[12:00:05.032] vr camera census: call frame=1560 n=5 camera=0x241dc2e2960 kind=3 caller=+0x594E13 draw=90 tone=before inj=0 role=- fl=0x1C>0x0 view=0x241dd00a000 rows=[0.6308631,-0.1691905,0,0.7776937,0,1.791266,0,0.1197122,-0.7949874,-0.1342614,0,0.6171398,0,0,0.025,0]
[12:00:05.069] vr camera census: call frame=1560 n=6 camera=0x241dc2e2960 kind=3 caller=+0x594EAB draw=120 tone=before inj=0 role=- fl=0x1C>0x0 view=0x241dd00a800 rows=[0.6308631,-0.1691905,0,0.7776937,0,1.791266,0,0.1197122,-0.7949874,-0.1342614,0,0.6171398,0,0,0.025,0]
[12:00:05.106] vr camera census: call frame=1560 n=7 camera=0x241dc2e2960 kind=3 caller=+0x594FE1 draw=150 tone=before inj=0 role=- fl=0x1C>0x0 view=0x241dd00b000 rows=[0.6308631,-0.1691905,0,0.7776937,0,1.791266,0,0.1197122,-0.7949874,-0.1342614,0,0.6171398,0,0,0.025,0]
[12:00:05.143] vr camera census: call frame=1560 n=8 camera=0x241dc2e2960 kind=3 caller=+0x594E13 draw=180 tone=before inj=0 role=- fl=0x1C>0x0 view=0x241dd00a000 rows=[0.6308631,-0.1691905,0,0.7776937,0,1.791266,0,0.1197122,-0.7949874,-0.1342614,0,0.6171398,0,0,0.025,0]
[12:00:05.180] vr camera census: call frame=1560 n=9 camera=0x241dc2e2960 kind=3 caller=+0x594EAB draw=210 tone=before inj=0 role=- fl=0x1C>0x0 view=0x241dd00a800 rows=[0.6308631,-0.1691905,0,0.7776937,0,1.791266,0,0.1197122,-0.7949874,-0.1342614,0,0.6171398,0,0,0.025,0]
[12:00:05.217] vr camera census: call frame=1560 n=10 camera=0x241df6d0bb0 kind=5 caller=+0x594E13 draw=8300 tone=after inj=0 role=- fl=0x1C>0x0 view=0x241dd00e000 rows=[1.049028,-0.1049909,0,0.4759778,0.03150321,0.9808374,0,0.1197122,-0.2753765,-0.1921845,0,0.8712716,0,0,0.025,0]
[12:00:05.254] vr camera census: call frame=1560 n=11 camera=0x241df6d0bb0 kind=5 caller=+0x594EAB draw=8301 tone=after inj=0 role=- fl=0x1C>0x0 view=0x241dd00e000 rows=[1.049028,-0.1049909,0,0.4759778,0.03150321,0.9808374,0,0.1197122,-0.2753765,-0.1921845,0,0.8712716,0,0,0.025,0]
[12:00:05.291] vr camera census: call frame=1560 n=12 camera=0x241df6d0bb0 kind=5 caller=+0x594FE1 draw=8302 tone=after inj=0 role=- fl=0x1C>0x0 view=0x241dd00e000 rows=[1.049028,-0.1049909,0,0.4759778,0.03150321,0.9808374,0,0.1197122,-0.2753765,-0.1921845,0,0.8712716,0,0,0.025,0]
[12:00:05.328] vr camera census: call frame=1560 n=13 camera=0x241df6d0ff0 kind=5 caller=+0x594E13 draw=8303 tone=after inj=0 role=- fl=0x1C>0x0 view=0x241dd00f000 rows=[0.7985137,-0.1049909,0,0.4759778,-0.03150321,0.9808374,0,0.1197122,-0.7339405,-0.1921845,0,0.8712716,0,0,0.025,0]
[12:00:05.365] vr camera census: call frame=1560 n=14 camera=0x241df6d0ff0 kind=5 caller=+0x594EAB draw=8304 tone=after inj=0 role=- fl=0x1C>0x0 view=0x241dd00f000 rows=[0.7985137,-0.1049909,0,0.4759778,-0.03150321,0.9808374,0,0.1197122,-0.7339405,-0.1921845,0,0.8712716,0,0,0.025,0]
[12:00:05.402] vr camera census: call frame=1560 n=15 camera=0x241df6d0ff0 kind=5 caller=+0x594FE1 draw=8305 tone=after inj=0 role=- fl=0x1C>0x0 view=0x241dd00f000 rows=[0.7985137,-0.1049909,0,0.4759778,-0.03150321,0.9808374,0,0.1197122,-0.7339405,-0.1921845,0,0.8712716,0,0,0.025,0]
[12:00:05.439] vr camera census: pass-rows ep=2 frame=1560 valid=1 bound=0 rows=[0.62161,-0.09377379,0.7776937,0,0,0.9928086,0.1197122,0,-0.7833269,-0.0744143,0.6171398,0] axes-match=5,6,7,8,9 how=transpose nearest=5 diff=0.000e+00
[12:00:05.476] vr camera census: join-draws ep=2 seen=2100 relevant=1800 views=3 signatures=2
[12:00:05.513] vr camera census: join ep=2 sig=1 depth=eye eye=0 size=2620x2533 draw=8300 draws=900 vs=0x5C36AF051B98B9F1 ps=0xCFE84157BC76E921 dw=yes b1=0x1eb2e751e20 first=0 bytes=5376 rows=- why=map
[12:00:05.550] vr camera census: join ep=2 sig=2 depth=eye eye=1 size=2620x2533 draw=8305 draws=900 vs=0x5C36AF051B98B9F1 ps=0xCFE84157BC76E921 dw=yes b1=0x1eb2e751e20 first=0 bytes=5376 rows=read match=13,14,15
[12:00:05.587] vr camera census: join-rows ep=2 sig=2 rows=[0.7985137,-0.1049909,0,0.4759778,-0.03150321,0.9808374,0,0.1197122,-0.7339405,-0.1921845,0,0.8712716,0,0,0.025,0]
[12:00:05.624] vr camera census: episode frame=6120 n=3/10 trigger=naming:named>unnamed armed=6090 foot=yes gui=- named=0 phase=0.2520,-0.1260 calls=6 recorded=6 printed=6 kinds=3:6 callers=+0x594E13:2,+0x594EAB:2,+0x594FE1:2
[12:00:05.661] vr camera census: call frame=6120 n=1 camera=0x241dc2e2960 kind=3 caller=+0x594E13 draw=60 tone=before inj=0 role=- fl=0x1C>0x0 view=0x241dd00a000 rows=[0.8376214,-0.121957,0,0.5605819,0,1.791266,0,0.1197122,-0.5730476,-0.178264,0,0.8194003,0,0,0.025,0]
[12:00:05.698] vr camera census: call frame=6120 n=2 camera=0x241dc2e2960 kind=3 caller=+0x594EAB draw=85 tone=before inj=0 role=- fl=0x1C>0x0 view=0x241dd00a800 rows=[0.8376214,-0.121957,0,0.5605819,0,1.791266,0,0.1197122,-0.5730476,-0.178264,0,0.8194003,0,0,0.025,0]
[12:00:05.735] vr camera census: call frame=6120 n=3 camera=0x241dc2e2960 kind=3 caller=+0x594FE1 draw=110 tone=before inj=0 role=- fl=0x1C>0x0 view=0x241dd00b000 rows=[0.8376214,-0.121957,0,0.5605819,0,1.791266,0,0.1197122,-0.5730476,-0.178264,0,0.8194003,0,0,0.025,0]
[12:00:05.772] vr camera census: call frame=6120 n=4 camera=0x241dc2e2960 kind=3 caller=+0x594E13 draw=135 tone=before inj=0 role=- fl=0x1C>0x0 view=0x241dd00a000 rows=[0.8376214,-0.121957,0,0.5605819,0,1.791266,0,0.1197122,-0.5730476,-0.178264,0,0.8194003,0,0,0.025,0]
[12:00:05.809] vr camera census: call frame=6120 n=5 camera=0x241dc2e2960 kind=3 caller=+0x594EAB draw=160 tone=before inj=0 role=- fl=0x1C>0x0 view=0x241dd00a800 rows=[0.8376214,-0.121957,0,0.5605819,0,1.791266,0,0.1197122,-0.5730476,-0.178264,0,0.8194003,0,0,0.025,0]
[12:00:05.846] vr camera census: call frame=6120 n=6 camera=0x241dc2e2960 kind=3 caller=+0x594FE1 draw=185 tone=before inj=0 role=- fl=0x1C>0x0 view=0x241dd00b000 rows=[0.8376214,-0.121957,0,0.5605819,0,1.791266,0,0.1197122,-0.5730476,-0.178264,0,0.8194003,0,0,0.025,0]
[12:00:05.883] vr camera census: pass-rows ep=3 frame=6120 valid=0 bound=- rows=- axes-match=- how=- nearest=- diff=-
[12:00:05.920] vr camera census: join-draws ep=3 seen=905 relevant=337 views=5 signatures=3
[12:00:05.957] vr camera census: join ep=3 sig=1 depth=screen eye=- size=5040x2835 draw=41 draws=22 vs=0xDFED8E1C9E191BEC ps=0x143AAE0597E2F7BF dw=yes b1=0x1eb2e751e20 first=0 bytes=5376 rows=read match=-
[12:00:05.994] vr camera census: join-rows ep=3 sig=1 rows=[0.01,0.02,0.03,0.04,0.05,0.06,0.07,0.08,0.09,0.09999999,0.11,0.12,0.13,0.14,0.15,0.16]
[12:00:06.031] vr camera census: join ep=3 sig=2 depth=screen eye=- size=5040x2835 draw=77 draws=311 vs=0x11A2B3C4D5E6F708 ps=0xF0E0D0C0B0A0908 dw=no b1=0x1eb2e751e20 first=0 bytes=5376 rows=- why=skip
[12:00:06.068] vr camera census: join ep=3 sig=3 depth=eye eye=- size=2620x2533 draw=90 draws=4 vs=0x11A2B3C4D5E6F708 ps=0xCFE84157BC76E921 dw=yes b1=- first=- bytes=- rows=- why=no-b1
[12:00:06.105] vr world route 5s: key=auto state=owned layer=live gate=held frames=450 gate-frames=450 gate-flips=1 hdr-frames=450 trigger=450 none=0 ambiguous=0 treated=450 declined=0 owned-frames=450 eye-takes=900 door-layer-only=900 enters=1 releases=0 (last=none) scene-resets=0 late-hdr-writes=0 (in 0 frames) last=treated jitter=on phase=-0.2520,-0.0630 rows=0.1260,0.2520 fp-mode=0/450/0 steady-detail=off curve=off curve-reissues=0 last-trigger=VS=DFED8E1C9E191BEC PS=143AAE0597E2F7BF target=2520x1417 hdr=5040x2835 selection=selected:450
[12:00:06.142] vr world route inject 5s: inj-scene=5400 inj-fp=1350 inj-refused=0 warming=0 aux=450 after=0 unsupported=2700 other-kind=900 unreadable=0 off-thread=0 write-fail=0 inj-kinds=3:6750 pair-checked=448 pair-bad=0 inj-unnamed=0 inj-shut=0 fov=0.8203..0.9831
[12:00:06.179] vr world route refusal 5s: census=on every=4 treated=450 asked=450 sampled=113 read=112 dropped=0 size=5040x2835 pixels=1600300800 refused=58410978 refused-pct=3.650 stale-refused=40007520 masked=800150 corrupt=0 sentinel=16003008 unreprojectable=0 camera=0 range=1600300 depth=0 weapon=0 other=0 stale-kept=0 depth-check=0/0 steady-detail=off view=off skinned-joined=0
[12:00:06.216] vr camera census 5s: frames=450 calls=10800 posts=10800 off-thread=0 stale=0 inj-calls=6750 kinds=1:900,3:7200,5:2700 callers=+0x594E13:3150,+0x594EAB:3150,+0x594FE1:3150,+0x58DE73:1350 cameras-seen=5 cameras-total=5 tone=8100/2700/0 tone-frames=450 on-foot-frames=450 foot=yes eye-draws=900/900 progress=yes hook=installed windows=1 cam-overflow=0 thread-overflow=0
[12:00:06.253] vr camera census: episodes windows=1 taken=3/10 triggers=5 skipped=2 state=idle
[12:00:06.290] vr camera census: runs windows=1 frames=413 named=1:1,2:0,3:0,4-8:0,9-30:0,31-89:1,90+:1 unnamed=1:2,2:1,3:0,4-8:1,9-30:0,31-89:0,90+:0 longest=named:211,unnamed:7 open=named:211
[12:00:06.327] vr camera census: detour windows=1 every=16 timed=observer-halves frames=450 calls=10800 sampled=676 est-ms-frame=0.155 obs-calls=4050 obs-sampled=253 obs-pre-us=3.35/3.6 obs-post-us=2.55/2.7 inj-calls=6750 inj-sampled=423 inj-pre-us=4.08/61 inj-post-us=2.7/2.8
