[15:12:00.100] version v0.18.0-rc.5-26-g5ec0de01 (build 5EC0DE01) -- this DLL was linked 2026-10-01 20:05:44 UTC
[15:12:02.151] flat hdr route: experimental.temporal_aa_before_post=auto (read at startup) at frame=1: the route resolves the game's HDR scene target before its bloom, depth of field and tone where the render size is at least the output's and the target is R11G11B10F; every other frame keeps the copy route, which admits the game's final copy by its structure (an R-sized R8G8B8A8 image made after the scene HDR's first consumer, uniformly scaled to the output) when no whitelisted tone pass wrote it, so bloom, depth of field and the tone variant do not matter below the output either
[15:12:08.368] flat stand-down: entered at frame=742: every frame for 5.0 s (740 frames) was refused for no-3d-scene, none treated; paused: per-draw coverage classification and legacy projection readiness (shader/viewport/binding checks, jitter preparation), constant-buffer shadow tracking on every Map/Unmap/Update, the camera-write witness, the camera refresh hook, engine-motion hooks and shader/render-target substitution, the discovery observers, the draw-capture and audit probes; kept: the O(1) state trackers (viewport, constant-buffer binds, ClearState); re-probing one whole frame every 1.5 s, resuming when a frame is treatable (a settings change in the game, or a loading screen ending)
[15:12:11.150] flat copy structure 5s: key=auto copies=741 whitelist=0 admitted=0 declined=0 selector-refused=0 no-scene=741 render-size=0 route-serves=0 key-off=0 last=no-scene scene=0x0 output=3840x2160 source=0x0 VS=0000000000000000 PS=0000000000000000 ldr-passes-before-max=0 declines=none
[15:12:11.150] flat runtime: treated=0 refused=744 last=no-3d-scene render-source=game-SS jitter=(0.125,-0.1667) accepted-reset-5s=0 accepted-history-5s=0 treated-streak=0 longest-treated-streak=0
[15:12:11.150] flat runtime refusal 5s: reason=no-3d-scene count=741
[15:12:16.147] flat copy structure 5s: key=auto copies=3 whitelist=0 admitted=0 declined=0 selector-refused=0 no-scene=3 render-size=0 route-serves=0 key-off=0 last=no-scene scene=0x0 output=3840x2160 source=0x0 VS=0000000000000000 PS=0000000000000000 ldr-passes-before-max=0 declines=none
[15:12:16.147] flat runtime: treated=0 refused=744 last=no-3d-scene render-source=game-SS jitter=(0.125,-0.1667) accepted-reset-5s=0 accepted-history-5s=0 treated-streak=0 longest-treated-streak=0
[15:12:16.147] flat runtime refusal 5s: reason=no-3d-scene count=741
[15:12:18.903] flat stand-down: resumed at frame=1918 after 10.5 s stood down (7 probes): a probe frame's chain was recognised and selected; all work restarts
[15:12:18.913] flat route: trained-upscale R=2880x1620 E=3840x2160 D=3840x2160
[15:12:18.914] flat copy structure: first admission at frame=1919 (experimental.temporal_aa_before_post=auto): the game's final copy reads a 2880x1620 R8G8B8A8 image written by one pass, VS=F9CFC798F21E9AEA PS=E8948389387DA083, after the scene HDR's first consumer (VS=DFED8E1C9E191BEC PS=143AAE0597E2F7BF), with no other R-sized image pass in between; no whitelisted tone pass wrote it (the whitelist said no-known-tone-pass); the scene is 2880x1620 on a 3840x2160 output, route=trained-upscale; admitted by structure, so bloom, depth of field and the tone variant do not matter
[15:12:21.149] flat copy structure 5s: key=auto copies=331 whitelist=0 admitted=331 declined=0 selector-refused=0 no-scene=0 render-size=0 route-serves=0 key-off=0 last=admitted scene=2880x1620 output=3840x2160 source=2880x1620 VS=F9CFC798F21E9AEA PS=E8948389387DA083 ldr-passes-before-max=0 declines=none
[15:12:21.149] flat runtime: treated=331 refused=744 last=treated-jittered render-source=game-SS jitter=(0.125,-0.1667) accepted-reset-5s=1 accepted-history-5s=330 treated-streak=331 longest-treated-streak=331
[15:12:26.148] flat copy structure 5s: key=auto copies=340 whitelist=0 admitted=340 declined=0 selector-refused=0 no-scene=0 render-size=0 route-serves=0 key-off=0 last=admitted scene=2880x1620 output=3840x2160 source=2880x1620 VS=F9CFC798F21E9AEA PS=E8948389387DA083 ldr-passes-before-max=0 declines=none
[15:12:26.148] flat runtime: treated=671 refused=744 last=treated-jittered render-source=game-SS jitter=(0.125,-0.1667) accepted-reset-5s=1 accepted-history-5s=339 treated-streak=671 longest-treated-streak=671
[15:12:31.150] flat copy structure 5s: key=auto copies=338 whitelist=0 admitted=338 declined=0 selector-refused=0 no-scene=0 render-size=0 route-serves=0 key-off=0 last=admitted scene=2880x1620 output=3840x2160 source=2880x1620 VS=F9CFC798F21E9AEA PS=E8948389387DA083 ldr-passes-before-max=0 declines=none
[15:12:31.150] flat runtime: treated=1009 refused=744 last=treated-jittered render-source=game-SS jitter=(0.125,-0.1667) accepted-reset-5s=1 accepted-history-5s=337 treated-streak=1009 longest-treated-streak=1009
# episode: render-size
[15:14:28.335] flat stand-down: entered at frame=14827: every frame for 5.0 s (598 frames) was refused for render-size-does-not-fit-output (Elite renders 2176x1224 on a 2560x1600 screen), none treated; paused: per-draw coverage classification and legacy projection readiness (shader/viewport/binding checks, jitter preparation), constant-buffer shadow tracking on every Map/Unmap/Update, the camera-write witness, the camera refresh hook, engine-motion hooks and shader/render-target substitution, the discovery observers, the draw-capture and audit probes; kept: the O(1) state trackers (viewport, constant-buffer binds, ClearState); re-probing one whole frame every 1.5 s, resuming when a frame is treatable (a settings change in the game, or a loading screen ending)
[15:14:28.335] flat settings warning: shown (mode=DLSS, frames refused for render-size-does-not-fit-output, work stood down, structure admission on, render 2176x1224 on output 2560x1600): DLSS is not active: Elite renders 2176x1224 on a 2560x1600 screen. | Set Elite's resolution to your screen's, 2560x1600, and change the render size with its supersampling.
[15:14:58.340] flat stand-down: still stood down at frame=22623 after 30 s: refused for render-size-does-not-fit-output (Elite renders 2176x1224 on a 2560x1600 screen), 19 probes so far (last probe: render-size-does-not-fit-output (Elite renders 2176x1224 on a 2560x1600 screen)), 3523 frames skipped
[15:15:07.021] flat settings warning: hidden (the work is not stood down for the shape of a post chain now, or the mode is off)
# episode: game-aa
[15:16:40.100] flat copy structure: declined at frame=20010: r-sized-image-passes-follow-the-first-consumer-of-the-scene-hdr (the whitelist said no-known-tone-pass); the final copy reads a 2880x1620 fmt 27 image with 1 writer(s) (first VS=98E6F9986FDC9A53 PS=4168985B52C5D7C4), 2 R-sized image pass(es) between the scene HDR's first consumer and it (2 draw(s)), the scene is 2880x1620 on a 3840x2160 output
[15:16:45.149] flat copy structure 5s: key=auto copies=600 whitelist=0 admitted=0 declined=600 selector-refused=0 no-scene=0 render-size=0 route-serves=0 key-off=0 last=declined scene=2880x1620 output=3840x2160 source=2880x1620 VS=98E6F9986FDC9A53 PS=4168985B52C5D7C4 ldr-passes-before-max=2 declines=r-sized-image-passes-follow-the-first-consumer-of-the-scene-hdr:600
[15:16:50.039] flat stand-down: entered at frame=20400: every frame for 5.0 s (591 frames) was refused for no-known-tone-pass, none treated; paused: per-draw coverage classification and legacy projection readiness (shader/viewport/binding checks, jitter preparation), constant-buffer shadow tracking on every Map/Unmap/Update, the camera-write witness, the camera refresh hook, engine-motion hooks and shader/render-target substitution, the discovery observers, the draw-capture and audit probes; kept: the O(1) state trackers (viewport, constant-buffer binds, ClearState); re-probing one whole frame every 1.5 s, resuming when a frame is treatable (a settings change in the game, or a loading screen ending)
[15:16:50.039] flat settings warning: shown (mode=DLSS, frames refused for no-known-tone-pass, work stood down, structure admission on): DLSS is not active: Elite's post-processing is not recognised. | Turn off in Elite's graphics options: Anti-aliasing
[15:16:50.040] flat runtime refusal 5s: reason=no-known-tone-pass count=591
# episode: old-advice
[15:18:00.100] flat settings warning: shown (mode=DLAA, frames refused for no-known-tone-pass, work stood down, supersampling below 1.0 (render 2880x1620, output 3840x2160)): DLAA is not active: Elite's post-processing is not recognised. Turn off in Elite's graphics options: Bloom, Depth of field Supersampling is below 1.0. At 1.0 or above, EDVR anti-aliases before bloom and depth of field, so they no longer block it. Raising it costs GPU time.
