[00:00:00.000] pose gap: mode display tid 24212 calls 120 from exe+0x4E3881 prediction 0.0 ms target-minus-display mean 0.00 ms (min 0.00 max 0.00) angle-to-drawn mean 0.050 max 0.050 deg angle-to-next-drawn mean 0.111 max 0.167 deg head 10.0 deg/s waitgetposes 5400 failed 0
[00:00:00.000] pose gap: mode display tid 7001 calls 60 from outside prediction 11.0 ms target-minus-display mean 9.50 ms (min 9.00 max 10.00) angle-to-drawn mean 0.200 max 0.200 deg angle-to-next-drawn n/a head 10.0 deg/s waitgetposes 5400 failed 0
[00:00:00.000] pose gap: mode display tid 24212 calls 120 from exe+0x4E3881 prediction 0.0 ms target-minus-display mean 0.00 ms (min 0.00 max 0.00) angle-to-drawn mean 0.060 max 0.060 deg angle-to-next-drawn mean 0.223 max 0.333 deg head 20.0 deg/s waitgetposes 5400 failed 0 fallback 1
[00:00:00.000] pose gap: mode display tid 7001 calls 60 from outside prediction 11.0 ms target-minus-display mean 9.50 ms (min 9.00 max 10.00) angle-to-drawn mean 0.400 max 0.400 deg angle-to-next-drawn n/a head 20.0 deg/s waitgetposes 5400 failed 0
[00:00:00.000] pose gap: mode display tid 24212 calls 120 from exe+0x4E3881 prediction 0.0 ms target-minus-display mean 0.00 ms (min 0.00 max 0.00) angle-to-drawn mean 0.050 max 0.050 deg angle-to-next-drawn mean 0.334 max 0.500 deg head 30.0 deg/s waitgetposes 5400 failed 0
[00:00:00.000] pose gap: mode display tid 7001 calls 60 from outside prediction 11.0 ms target-minus-display mean 9.50 ms (min 9.00 max 10.00) angle-to-drawn mean 0.600 max 0.600 deg angle-to-next-drawn n/a head 30.0 deg/s waitgetposes 5400 failed 0
[00:00:00.000] pose gap: mode display tid 24212 calls 120 from exe+0x4E3881 prediction 0.0 ms target-minus-display mean 0.00 ms (min 0.00 max 0.00) angle-to-drawn mean 0.060 max 0.060 deg angle-to-next-drawn mean 0.446 max 0.666 deg head 40.0 deg/s waitgetposes 5400 failed 0
[00:00:00.000] pose gap: mode display tid 7001 calls 60 from outside prediction 11.0 ms target-minus-display mean 9.50 ms (min 9.00 max 10.00) angle-to-drawn mean 0.800 max 0.800 deg angle-to-next-drawn n/a head 40.0 deg/s waitgetposes 5400 failed 0
[00:00:00.000] pose gap: mode display tid 24212 calls 120 from exe+0x4E3881 prediction 0.0 ms target-minus-display mean 0.00 ms (min 0.00 max 0.00) angle-to-drawn mean 0.050 max 0.050 deg angle-to-next-drawn mean 0.557 max 0.833 deg head 50.0 deg/s waitgetposes 5400 failed 3
[00:00:00.000] pose gap: mode display tid 7001 calls 60 from outside prediction 11.0 ms target-minus-display mean 9.50 ms (min 9.00 max 10.00) angle-to-drawn mean 1.000 max 1.000 deg angle-to-next-drawn n/a head 50.0 deg/s waitgetposes 5400 failed 0
[00:00:00.000] pose gap: mode display tid 24212 calls 120 from exe+0x4E3881 prediction 0.0 ms target-minus-display mean 0.00 ms (min 0.00 max 0.00) angle-to-drawn mean 0.060 max 0.060 deg angle-to-next-drawn mean 0.669 max 0.999 deg head 60.0 deg/s waitgetposes 5400 failed 0
[00:00:00.000] pose gap: mode display tid 7001 calls 60 from outside prediction 11.0 ms target-minus-display mean 9.50 ms (min 9.00 max 10.00) angle-to-drawn mean 1.200 max 1.200 deg angle-to-next-drawn n/a head 60.0 deg/s waitgetposes 5400 failed 0
[00:00:00.000] pose gap: mode next tid 24212 calls 120 from exe+0x4E3881 prediction 0.0 ms target-minus-display mean 11.11 ms (min 11.11 max 11.11) angle-to-drawn mean 0.050 max 0.050 deg angle-to-next-drawn mean 0.007 max 0.011 deg head 70.0 deg/s waitgetposes 5400 failed 0
[00:00:00.000] pose gap: mode next tid 7001 calls 60 from outside prediction 11.0 ms target-minus-display mean 9.50 ms (min 9.00 max 10.00) angle-to-drawn mean 1.400 max 1.400 deg angle-to-next-drawn n/a head 70.0 deg/s waitgetposes 5400 failed 0
[00:00:00.000] pose gap: mode next tid 24212 calls 120 from exe+0x4E3881 prediction 0.0 ms target-minus-display mean 11.11 ms (min 11.11 max 11.11) angle-to-drawn mean 0.060 max 0.060 deg angle-to-next-drawn mean 0.008 max 0.012 deg head 80.0 deg/s waitgetposes 5400 failed 0
[00:00:00.000] pose gap: mode next tid 7001 calls 60 from outside prediction 11.0 ms target-minus-display mean 9.50 ms (min 9.00 max 10.00) angle-to-drawn mean 1.600 max 1.600 deg angle-to-next-drawn n/a head 80.0 deg/s waitgetposes 5400 failed 0
[00:00:00.000] pose gap: mode next tid 24212 calls 120 from exe+0x4E3881 prediction 0.0 ms target-minus-display mean 11.11 ms (min 11.11 max 11.11) angle-to-drawn mean 0.050 max 0.050 deg angle-to-next-drawn mean 0.009 max 0.014 deg head 90.0 deg/s waitgetposes 5400 failed 0
[00:00:00.000] pose gap: mode next tid 7001 calls 60 from outside prediction 11.0 ms target-minus-display mean 9.50 ms (min 9.00 max 10.00) angle-to-drawn mean 1.800 max 1.800 deg angle-to-next-drawn n/a head 90.0 deg/s waitgetposes 5400 failed 0
[00:00:00.000] pose gap: mode next tid 24212 calls 120 from exe+0x4E3881 prediction 0.0 ms target-minus-display mean 11.11 ms (min 11.11 max 11.11) angle-to-drawn mean 0.060 max 0.060 deg angle-to-next-drawn mean 0.010 max 0.015 deg head 100.0 deg/s waitgetposes 5400 failed 0
[00:00:00.000] pose gap: mode next tid 7001 calls 60 from outside prediction 11.0 ms target-minus-display mean 9.50 ms (min 9.00 max 10.00) angle-to-drawn mean 2.000 max 2.000 deg angle-to-next-drawn n/a head 100.0 deg/s waitgetposes 5400 failed 0
[00:00:00.000] pose gap: mode next tid 24212 calls 120 from exe+0x4E3881 prediction 0.0 ms target-minus-display mean 11.11 ms (min 11.11 max 11.11) angle-to-drawn mean 0.050 max 0.050 deg angle-to-next-drawn mean 0.011 max 0.017 deg head 110.0 deg/s waitgetposes 5400 failed 0
[00:00:00.000] pose gap: mode next tid 7001 calls 60 from outside prediction 11.0 ms target-minus-display mean 9.50 ms (min 9.00 max 10.00) angle-to-drawn mean 2.200 max 2.200 deg angle-to-next-drawn n/a head 110.0 deg/s waitgetposes 5400 failed 0
[00:00:00.000] pose gap: mode next tid 24212 calls 120 from exe+0x4E3881 prediction 0.0 ms target-minus-display mean 11.11 ms (min 11.11 max 11.11) angle-to-drawn mean 0.060 max 0.060 deg angle-to-next-drawn mean 0.012 max 0.018 deg head 120.0 deg/s waitgetposes 5400 failed 0
[00:00:00.000] pose gap: mode next tid 7001 calls 60 from outside prediction 11.0 ms target-minus-display mean 9.50 ms (min 9.00 max 10.00) angle-to-drawn mean 2.400 max 2.400 deg angle-to-next-drawn n/a head 120.0 deg/s waitgetposes 5400 failed 0
